{
  "$schema": "http://json-schema.org/draft-07/schema#",
  "title": "Aliased",
  "type": "string",
  "enum": [
    "v1",
    "variant1",
    "V1",
    "v2",
    "variant2",
    "V2"
  ]
}
