{
  "$schema": "http://json-schema.org/draft-07/schema#",
  "title": "EnumState",
  "type": "integer",
  "enum": [
    1,
    2,
    4,
    8
  ],
  "x-enumNames": [
    "A",
    "B",
    "C",
    "D"
  ]
}