{
  "$schema": "http://json-schema.org/draft-07/schema#",
  "title": "EnumWithXEnumNames",
  "type": "integer",
  "enum": [
    0,
    1,
    5,
    6,
    3
  ],
  "x-enumNames": [
    "Zero",
    "One",
    "Five",
    "Six",
    "Three"
  ]
}