{
  "$schema": "http://json-schema.org/draft-07/schema#",
  "title": "StructWithGenericDefaults",
  "type": "object",
  "properties": {
    "a_vec": {
      "default": [],
      "type": "array",
      "items": {
        "type": "string"
      }
    }
  }
}