{
  "$schema": "http://json-schema.org/draft-07/schema#",
  "title": "IpV6",
  "type": "string",
  "format": "ipv6"
}