{
  "$schema": "http://json-schema.org/draft-07/schema#",
  "title": "schema_fn",
  "type": "boolean"
}