{
  "$schema": "http://json-schema.org/draft-07/schema#",
  "title": "MyStruct_for_int32_and_Null_and_Boolean_and_Array_of_String",
  "type": "object",
  "required": [
    "inner",
    "t",
    "u",
    "v",
    "w"
  ],
  "properties": {
    "t": {
      "type": "integer",
      "format": "int32"
    },
    "u": {
      "type": "null"
    },
    "v": {
      "type": "boolean"
    },
    "w": {
      "type": "array",
      "items": {
        "type": "string"
      }
    },
    "inner": {
      "$ref": "#/definitions/MySimpleStruct"
    }
  },
  "definitions": {
    "MySimpleStruct": {
      "type": "object",
      "required": [
        "foo"
      ],
      "properties": {
        "foo": {
          "type": "integer",
          "format": "int32"
        }
      }
    }
  }
}