{
  "$schema": "http://json-schema.org/draft-07/schema#",
  "title": "RecursiveStruct",
  "type": "object",
  "required": [
    "foo"
  ],
  "properties": {
    "foo": {
      "type": "array",
      "items": {
        "type": "object",
        "additionalProperties": true
      }
    }
  }
}