{
  "$schema": "http://json-schema.org/draft-07/schema#",
  "title": "Newtype",
  "type": "integer",
  "format": "int32",
  "minimum": -2147483648.0,
  "maximum": 2147483647.0
}
