{
  "$schema": "https://json-schema.org/draft/2020-12/schema",
  "title": "Tuple_of_OuterAllowUnknownFields_and_MiddleDenyUnknownFields",
  "type": "array",
  "prefixItems": [
    {
      "$ref": "#/$defs/OuterAllowUnknownFields"
    },
    {
      "$ref": "#/$defs/MiddleDenyUnknownFields"
    }
  ],
  "minItems": 2,
  "maxItems": 2,
  "$defs": {
    "OuterAllowUnknownFields": {
      "type": "object",
      "properties": {
        "outer_field": {
          "type": "boolean"
        },
        "middle_field": {
          "type": "boolean"
        },
        "inner_field": {
          "type": "boolean"
        }
      },
      "required": [
        "outer_field",
        "middle_field",
        "inner_field"
      ]
    },
    "MiddleDenyUnknownFields": {
      "type": "object",
      "properties": {
        "middle_field": {
          "type": "boolean"
        },
        "inner_field": {
          "type": "boolean"
        }
      },
      "additionalProperties": false,
      "required": [
        "middle_field",
        "inner_field"
      ]
    }
  }
}